[dotenv@17.2.3] injecting env (26) from .env.local -- tip: ⚙️  override existing env vars with { override: true }
ISBNDB_API_KEY present: true
SUPABASE_URL present: true
Testing bulkImportBooks...
node.exe : Error checking for duplicates: {
At line:1 char:1
+ & "C:\Program Files\nodejs/node.exe" 
"C:\Users\cshan\AppData\Roaming\ ...
+ ~~~~~~~~~~~~~~~~~~~~~~~~~~~~~~~~~~~~~~~~~~~~~~
~~~~~~~~~~~~~~~~~~~~~~~
    + CategoryInfo          : NotSpecified: (Er 
   ror checking for duplicates: {:String) [],   
  RemoteException
    + FullyQualifiedErrorId : NativeCommandErro 
   r
 
  message: 'TypeError: fetch failed',
  details: 'TypeError: fetch failed\n' +
    '\n' +
    'Caused by: ConnectTimeoutError: Connect 
Timeout Error (attempted addresses: 
104.18.38.10:443, 172.64.149.246:443, timeout: 
10000ms) (UND_ERR_CONNECT_TIMEOUT)\n' +
    'ConnectTimeoutError: Connect Timeout Error 
(attempted addresses: 104.18.38.10:443, 
172.64.149.246:443, timeout: 10000ms)\n' +
    '    at onConnectTimeout 
(node:internal/deps/undici/undici:1532:23)\n' +
    '    at Immediate._onImmediate 
(node:internal/deps/undici/undici:1498:35)\n' +
    '    at process.processImmediate 
(node:internal/timers:505:21)',
  hint: '',
  code: ''
}
Import result: {
  "added": 0,
  "duplicates": 0,
  "errors": 1,
  "errorDetails": [
    "Error checking duplicates: TypeError: fetch failed"
  ]
}
